To honour the JVM settings for this build a single-use Daemon process will be forked. See https://docs.gradle.org/8.1.1/userguide/gradle_daemon.html#sec:disabling_the_daemon.
Daemon will be stopped at the end of the build 

> Configure project :
Neither the 'eclipse' nor the 'idea' plugins were found, but IDE resource copy has been enabled.

> Task :compileJava
C:\Users\Administrator\WorkBuddy\20260501080626\bedrock_enhancement\src\main\java\com\eewin\bedrock_enhancement\item\BedrockTier.java:20: 错误: 无法从最终ForgeTier进行继承
public class BedrockTier extends ForgeTier {
                                 ^
C:\Users\Administrator\WorkBuddy\20260501080626\bedrock_enhancement\src\main\java\com\eewin\bedrock_enhancement\item\BedrockTier.java:33: 错误: 无法将类 ForgeTier中的构造器 ForgeTier应用到给定类型;
        super(5,              // 挖掘等级：5（高于下界合金的4）
        ^
  需要: int,int,float,float,int,TagKey<Block>,Supplier<Ingredient>
  找到:    int,int,float,float,int,()->Ingred[...]et())
  原因: 实际参数列表和形式参数列表长度不同
C:\Users\Administrator\WorkBuddy\20260501080626\bedrock_enhancement\src\main\java\com\eewin\bedrock_enhancement\item\BedrockTier.java:33: 错误: 无法将类 ForgeTier中的构造器 ForgeTier应用到给定类型;
        super(5,              // 挖掘等级：5（高于下界合金的4）
             ^
  需要: int,int,float,float,int,TagKey<Block>,Supplier<Ingredient>
  找到:    int,int,float,float,int,()->Ingred[...]et()),<any>
  原因: varargs 不匹配; Item无法转换为ItemStack
3 个错误

> Task :compileJava FAILED

FAILURE: Build failed with an exception.

* What went wrong:
Execution failed for task ':compileJava'.
> Compilation failed; see the compiler error output for details.

* Try:
> Run with --stacktrace option to get the stack trace.
> Run with --info or --debug option to get more log output.
> Run with --scan to get full insights.

* Get more help at https://help.gradle.org

BUILD FAILED in 22s
1 actionable task: 1 executed
