
ERROR: JAVA_HOME is set to an invalid directory: C:\Program Files\Java\jdk-17.0.4.1 

Please set the JAVA_HOME variable in your environment to match the
location of your Java installation.
