To honour the JVM settings for this build a single-use Daemon process will be forked. See https://docs.gradle.org/8.1.1/userguide/gradle_daemon.html#sec:disabling_the_daemon.
Daemon will be stopped at the end of the build 

> Configure project :
Neither the 'eclipse' nor the 'idea' plugins were found, but IDE resource copy has been enabled.

> Task :compileJava
C:\Users\Administrator\WorkBuddy\20260501080626\bedrock_enhancement\src\main\java\com\eewin\bedrock_enhancement\item\BedrockTier.java:24: 错误: 无法从最终ForgeTier进行继承
public class BedrockTier extends ForgeTier {
                                 ^
1 个错误

> Task :compileJava FAILED

FAILURE: Build failed with an exception.

* What went wrong:
Execution failed for task ':compileJava'.
> Compilation failed; see the compiler error output for details.

* Try:
> Run with --stacktrace option to get the stack trace.
> Run with --info or --debug option to get more log output.
> Run with --scan to get full insights.

* Get more help at https://help.gradle.org

BUILD FAILED in 18s
1 actionable task: 1 executed
