To honour the JVM settings for this build a single-use Daemon process will be forked. See https://docs.gradle.org/8.1.1/userguide/gradle_daemon.html#sec:disabling_the_daemon.
Daemon will be stopped at the end of the build 

> Configure project :
Neither the 'eclipse' nor the 'idea' plugins were found, but IDE resource copy has been enabled.

> Task :compileJava
注: SpongePowered MIXIN Annotation Processor Version=0.8.5
注: Supported obfuscation types: ObfuscationServiceMCP supports [searge,notch]
注: C:\Users\Administrator\WorkBuddy\20260501080626\bedrock_enhancement\src\main\java\com\eewin\bedrock_enhancement\item\BedrockTier.java使用或覆盖了已过时的 API。
注: 有关详细信息, 请使用 -Xlint:deprecation 重新编译。

> Task :processResources UP-TO-DATE
> Task :classes
> Task :jar
> Task :downloadMcpConfig
> Task :extractSrg UP-TO-DATE
> Task :createMcpToSrg UP-TO-DATE
> Task :reobfJar
> Task :jarJar SKIPPED
> Task :reobfJarJar SKIPPED
> Task :assemble
> Task :compileTestJava NO-SOURCE
> Task :processTestResources NO-SOURCE
> Task :testClasses UP-TO-DATE
> Task :test NO-SOURCE
> Task :check UP-TO-DATE
> Task :build

BUILD SUCCESSFUL in 24s
7 actionable tasks: 4 executed, 3 up-to-date
